FOO
BAR
BAR
BAZ
foo
bar
bar
baz
oof
rab
rab
zab
foo
bar
baz
